[Thu Sep 07 09:27:04.655514 2023] [wsgi:error] [pid 89620:tid 140399628760832] [client 163.116.177.100:48782] /, referer: https://from-england-to-istanbul.co.uk/livetracker
[Thu Sep 07 10:03:29.704260 2023] [wsgi:error] [pid 89620:tid 140399595190016] [client 167.94.145.51:44736] /
[Thu Sep 07 10:03:30.046874 2023] [wsgi:error] [pid 89620:tid 140399637153536] [client 167.94.145.51:55746] /
[Thu Sep 07 10:32:53.122685 2023] [wsgi:error] [pid 89621:tid 140399628760832] [client 84.54.51.233:36058] /
[Thu Sep 07 11:00:31.510691 2023] [wsgi:error] [pid 89621:tid 140399757944576] [client 188.165.87.100:47883] /
[Thu Sep 07 11:23:48.024641 2023] [wsgi:error] [pid 89620:tid 140399570011904] [client 52.50.0.150:60446] /
[Thu Sep 07 12:10:53.520304 2023] [wsgi:error] [pid 89620:tid 140399561619200] [client 185.224.128.142:60900] /
[Thu Sep 07 12:37:28.041160 2023] [wsgi:error] [pid 89620:tid 140399544833792] [client 167.248.133.34:44566] /
[Thu Sep 07 12:37:28.088238 2023] [wsgi:error] [pid 89621:tid 140399528048384] [client 167.248.133.34:34764] /
[Thu Sep 07 13:39:38.087035 2023] [wsgi:error] [pid 89621:tid 140399653938944] [client 185.224.128.142:53358] /
[Thu Sep 07 13:41:16.002968 2023] [wsgi:error] [pid 89620:tid 140399662331648] [client 85.76.15.132:3395] /
[Thu Sep 07 13:43:06.867612 2023] [wsgi:error] [pid 89620:tid 140399741159168] [client 85.76.15.132:50566] /, referer: https://from-england-to-istanbul.co.uk/livetracker
[Thu Sep 07 13:46:19.138250 2023] [wsgi:error] [pid 89621:tid 140399553226496] [client 82.132.228.195:51042] /, referer: https://from-england-to-istanbul.co.uk/route
[Thu Sep 07 14:05:32.912297 2023] [wsgi:error] [pid 89620:tid 140399611975424] [client 185.224.128.142:56382] /
[Thu Sep 07 14:30:09.511870 2023] [wsgi:error] [pid 89621:tid 140399511262976] [client 94.102.61.7:52366] /
[Thu Sep 07 14:47:30.456553 2023] [wsgi:error] [pid 89621:tid 140399653938944] [client 51.254.49.110:19057] /
[Thu Sep 07 14:48:33.678127 2023] [wsgi:error] [pid 89620:tid 140399544833792] [client 3.87.47.11:60266] /
[Thu Sep 07 14:48:33.788898 2023] [wsgi:error] [pid 89621:tid 140399578404608] [client 44.202.16.15:58366] /, referer: http://34.27.73.138:80
[Thu Sep 07 15:50:22.895034 2023] [wsgi:error] [pid 89620:tid 140399603582720] [client 185.224.128.142:34878] /
[Thu Sep 07 15:52:42.763867 2023] [wsgi:error] [pid 89621:tid 140399578404608] [client 82.132.228.195:56176] /, referer: https://from-england-to-istanbul.co.uk/route
[Thu Sep 07 16:50:48.770622 2023] [wsgi:error] [pid 89620:tid 140399553226496] [client 185.224.128.142:51444] /
[Thu Sep 07 16:55:40.148825 2023] [wsgi:error] [pid 89620:tid 140399561619200] [client 3.93.168.17:32968] /
[Thu Sep 07 16:55:40.392708 2023] [wsgi:error] [pid 89620:tid 140399637153536] [client 3.93.168.17:33034] /, referer: http://34.27.73.138:80
[Thu Sep 07 17:01:01.653698 2023] [wsgi:error] [pid 89620:tid 140399553226496] [client 46.17.161.146:10322] /, referer: https://from-england-to-istanbul.co.uk/livetracker
[Thu Sep 07 17:19:45.842150 2023] [wsgi:error] [pid 89621:tid 140399628760832] [client 35.203.210.129:64286] /, referer: http://34.27.73.138:80/
[Thu Sep 07 17:48:51.394611 2023] [wsgi:error] [pid 89620:tid 140399603582720] [client 146.0.29.251:25351] /
[Thu Sep 07 18:06:59.576764 2023] [wsgi:error] [pid 89621:tid 140399570011904] [client 137.184.217.189:35420] /
[Thu Sep 07 18:10:25.959622 2023] [wsgi:error] [pid 89620:tid 140399653938944] [client 146.0.29.251:25591] /, referer: https://from-england-to-istanbul.co.uk/livetracker
[Thu Sep 07 18:11:04.062975 2023] [wsgi:error] [pid 89621:tid 140399544833792] [client 146.0.29.251:25638] /, referer: https://from-england-to-istanbul.co.uk/
[Thu Sep 07 18:19:37.263110 2023] [wsgi:error] [pid 89621:tid 140399653938944] [client 37.33.244.42:30798] /
[Thu Sep 07 18:25:29.233363 2023] [wsgi:error] [pid 89621:tid 140399749551872] [client 37.33.244.42:30879] /, referer: https://from-england-to-istanbul.co.uk/livetracker
[Thu Sep 07 18:25:29.424900 2023] [wsgi:error] [pid 89621:tid 140399536441088] [client 37.33.244.42:30879] /, referer: https://from-england-to-istanbul.co.uk/livetracker
[Thu Sep 07 18:32:38.841123 2023] [wsgi:error] [pid 89621:tid 140399528048384] [client 83.97.73.87:37562] /, referer: http://34.27.73.138:80/?XDEBUG_SESSION_START=phpstorm
[Thu Sep 07 18:56:44.744379 2023] [wsgi:error] [pid 89621:tid 140399544833792] [client 205.210.31.206:64698] /
[Thu Sep 07 18:58:52.608635 2023] [wsgi:error] [pid 89620:tid 140399561619200] [client 182.43.70.143:57187] /, referer: http://34.27.73.138
[Thu Sep 07 19:14:23.401504 2023] [wsgi:error] [pid 89620:tid 140399653938944] [client 185.224.128.142:52454] /
[Thu Sep 07 20:04:34.289327 2023] [wsgi:error] [pid 89620:tid 140399645546240] [client 81.111.26.136:36362] /, referer: https://from-england-to-istanbul.co.uk/livetracker
[Thu Sep 07 20:19:30.945836 2023] [wsgi:error] [pid 89620:tid 140399637153536] [client 65.154.226.169:48527] /
[Thu Sep 07 22:19:58.161644 2023] [wsgi:error] [pid 89620:tid 140399749551872] [client 185.224.128.142:36626] /
[Thu Sep 07 22:59:40.614021 2023] [wsgi:error] [pid 89620:tid 140399595190016] [client 124.188.86.100:62641] /
[Thu Sep 07 23:40:12.339485 2023] [wsgi:error] [pid 89621:tid 140399578404608] [client 137.184.86.2:33836] /
[Thu Sep 07 23:54:52.721325 2023] [wsgi:error] [pid 89620:tid 140399766337280] [client 164.92.206.44:60068] /
[Fri Sep 08 00:27:46.044617 2023] [wsgi:error] [pid 92436:tid 140399653938944] [client 198.235.24.168:64642] /
[Fri Sep 08 00:30:25.612817 2023] [wsgi:error] [pid 92436:tid 140399611975424] [client 185.224.128.142:46032] /
[Fri Sep 08 00:51:45.044082 2023] [wsgi:error] [pid 92436:tid 140399570011904] [client 185.224.128.142:43166] /
[Fri Sep 08 00:54:57.799991 2023] [wsgi:error] [pid 92436:tid 140399544833792] [client 154.209.125.128:63905] /
[Fri Sep 08 02:14:47.084049 2023] [wsgi:error] [pid 92436:tid 140399553226496] [client 185.180.143.71:54344] /
[Fri Sep 08 03:08:43.755567 2023] [wsgi:error] [pid 92435:tid 140399741159168] [client 185.180.140.5:42796] /, referer: http://34.27.73.138/
[Fri Sep 08 03:09:12.188007 2023] [wsgi:error] [pid 92435:tid 140399757944576] [client 185.224.128.142:35598] /
[Fri Sep 08 03:14:43.055294 2023] [wsgi:error] [pid 92435:tid 140399620368128] [client 83.146.134.63:36912] /
[Fri Sep 08 03:39:42.882980 2023] [wsgi:error] [pid 92436:tid 140399494477568] [client 83.97.73.87:42968] /
[Fri Sep 08 04:01:11.394356 2023] [wsgi:error] [pid 92435:tid 140399544833792] [client 74.82.47.2:49956] /
[Fri Sep 08 04:11:13.917086 2023] [wsgi:error] [pid 92436:tid 140399553226496] [client 74.82.47.2:42268] /
[Fri Sep 08 04:22:04.113523 2023] [wsgi:error] [pid 92436:tid 140399519655680] [client 193.106.29.122:63544] /
[Fri Sep 08 04:35:39.542654 2023] [wsgi:error] [pid 92436:tid 140399628760832] [client 203.79.55.240:63183] /
[Fri Sep 08 04:36:48.636134 2023] [wsgi:error] [pid 92435:tid 140399620368128] [client 87.251.75.20:19280] /
[Fri Sep 08 04:37:58.654952 2023] [wsgi:error] [pid 92436:tid 140399586797312] [client 167.248.133.35:56160] /
[Fri Sep 08 04:53:10.191651 2023] [wsgi:error] [pid 92436:tid 140399749551872] [client 162.216.149.222:58382] /, referer: http://34.27.73.138:80/
[Fri Sep 08 04:59:17.657305 2023] [wsgi:error] [pid 92436:tid 140399528048384] [client 185.224.128.142:46358] /
[Fri Sep 08 05:17:19.414896 2023] [wsgi:error] [pid 92435:tid 140399544833792] [client 185.224.128.142:36886] /
[Fri Sep 08 05:44:18.994079 2023] [wsgi:error] [pid 92435:tid 140399511262976] [client 139.144.151.72:6728] /
[Fri Sep 08 06:03:25.567015 2023] [wsgi:error] [pid 92436:tid 140399645546240] [client 162.216.149.112:59042] /
[Fri Sep 08 07:13:57.538012 2023] [wsgi:error] [pid 92436:tid 140399749551872] [client 146.0.29.251:27005] /
[Fri Sep 08 07:15:36.324715 2023] [wsgi:error] [pid 92436:tid 140399662331648] [client 82.132.234.28:18704] /
[Fri Sep 08 07:26:23.760616 2023] [wsgi:error] [pid 92436:tid 140399620368128] [client 34.77.127.183:44028] /
[Fri Sep 08 07:40:06.731837 2023] [wsgi:error] [pid 92436:tid 140399570011904] [client 184.105.247.254:26346] /, referer: http://34.27.73.138/
[Fri Sep 08 07:46:13.511051 2023] [wsgi:error] [pid 92436:tid 140399519655680] [client 185.180.140.4:48420] /
[Fri Sep 08 07:54:57.193360 2023] [wsgi:error] [pid 92436:tid 140399502870272] [client 185.224.128.142:60836] /
[Fri Sep 08 08:05:14.584807 2023] [wsgi:error] [pid 92436:tid 140399637153536] [client 104.199.126.240:59904] /, referer: http://from-england-to-istanbul.co.uk
[Fri Sep 08 08:46:44.878061 2023] [wsgi:error] [pid 92436:tid 140399741159168] [client 198.235.24.145:57978] /, referer: http://34.27.73.138:80/
[Fri Sep 08 09:07:38.328748 2023] [wsgi:error] [pid 92436:tid 140399553226496] [client 205.210.31.32:59298] /
[Fri Sep 08 10:14:46.276095 2023] [wsgi:error] [pid 92435:tid 140399595190016] [client 205.210.31.78:57374] /, referer: http://34.27.73.138:80/
[Fri Sep 08 10:29:54.141463 2023] [wsgi:error] [pid 92436:tid 140399553226496] [client 217.163.24.180:37120] /, referer: https://from-england-to-istanbul.co.uk/livetracker
[Fri Sep 08 10:32:43.951437 2023] [wsgi:error] [pid 92436:tid 140399519655680] [client 185.224.128.142:40030] /
[Fri Sep 08 10:51:21.529698 2023] [wsgi:error] [pid 92435:tid 140399544833792] [client 185.224.128.142:34086] /
[Fri Sep 08 11:31:09.040775 2023] [wsgi:error] [pid 92436:tid 140399757944576] [client 185.233.19.157:42056] /
[Fri Sep 08 11:43:25.304371 2023] [wsgi:error] [pid 92436:tid 140399494477568] [client 178.79.183.80:55337] /
[Fri Sep 08 12:27:59.422050 2023] [wsgi:error] [pid 92436:tid 140399620368128] [client 35.203.210.157:62310] /, referer: http://34.27.73.138:80/
[Fri Sep 08 12:39:44.924185 2023] [wsgi:error] [pid 92436:tid 140399578404608] [client 192.241.212.39:50530] /
[Fri Sep 08 12:52:48.114759 2023] [wsgi:error] [pid 92436:tid 140399561619200] [client 139.162.249.112:49393] /
[Fri Sep 08 13:39:27.843713 2023] [wsgi:error] [pid 92436:tid 140399528048384] [client 103.149.192.142:51173] /, referer: http://34.27.73.138/
[Fri Sep 08 14:14:06.700227 2023] [wsgi:error] [pid 92436:tid 140399628760832] [client 185.224.128.142:56080] /
[Fri Sep 08 15:09:35.423731 2023] [wsgi:error] [pid 92435:tid 140399544833792] [client 185.224.128.142:47182] /
[Fri Sep 08 16:00:49.372031 2023] [wsgi:error] [pid 92436:tid 140399662331648] [client 185.180.143.48:42206] /, referer: http://34.27.73.138/
[Fri Sep 08 16:21:47.437467 2023] [wsgi:error] [pid 92435:tid 140399620368128] [client 185.224.128.142:50098] /
[Fri Sep 08 16:34:08.674558 2023] [wsgi:error] [pid 92436:tid 140399637153536] [client 103.43.18.241:39954] /, referer: http://34.27.73.138/
[Fri Sep 08 16:38:06.778515 2023] [wsgi:error] [pid 92435:tid 140399578404608] [client 103.43.18.241:60898] /
[Fri Sep 08 16:40:17.823496 2023] [wsgi:error] [pid 92436:tid 140399595190016] [client 103.43.18.241:41018] /
[Fri Sep 08 16:40:17.836156 2023] [wsgi:error] [pid 92436:tid 140399637153536] [client 103.43.18.241:41020] /
[Fri Sep 08 17:23:51.058831 2023] [wsgi:error] [pid 92436:tid 140399511262976] [client 167.172.254.6:39836] /
[Fri Sep 08 17:26:00.593321 2023] [wsgi:error] [pid 92436:tid 140399595190016] [client 54.218.167.135:1589] /
[Fri Sep 08 17:26:26.144183 2023] [wsgi:error] [pid 92436:tid 140399620368128] [client 34.219.245.95:28162] /, referer: http://from-england-to-istanbul.co.uk
[Fri Sep 08 17:28:17.711778 2023] [wsgi:error] [pid 92436:tid 140399611975424] [client 114.97.216.106:36237] /
[Fri Sep 08 17:55:56.934989 2023] [wsgi:error] [pid 92435:tid 140399757944576] [client 185.224.128.142:44900] /
[Fri Sep 08 18:17:59.836454 2023] [wsgi:error] [pid 92435:tid 140399603582720] [client 128.1.248.42:59936] /, referer: http://34.27.73.138/
[Fri Sep 08 18:18:29.088061 2023] [wsgi:error] [pid 92435:tid 140399570011904] [client 185.180.143.49:39208] /, referer: http://34.27.73.138/
[Fri Sep 08 18:50:00.759869 2023] [wsgi:error] [pid 92436:tid 140399766337280] [client 128.14.141.34:35474] /
[Fri Sep 08 19:08:58.533535 2023] [wsgi:error] [pid 92435:tid 140399494477568] [client 167.94.138.125:44276] /
[Fri Sep 08 19:42:01.948314 2023] [wsgi:error] [pid 92435:tid 140399645546240] [client 185.224.128.142:36376] /
[Fri Sep 08 19:42:40.105427 2023] [wsgi:error] [pid 92435:tid 140399653938944] [client 185.180.143.136:59444] /, referer: http://34.27.73.138/
[Fri Sep 08 19:48:42.088224 2023] [wsgi:error] [pid 92435:tid 140399536441088] [client 185.224.128.142:46956] /
[Fri Sep 08 19:48:57.062806 2023] [wsgi:error] [pid 92436:tid 140399494477568] [client 51.9.76.87:56526] /, referer: https://from-england-to-istanbul.co.uk/livetracker
[Fri Sep 08 20:22:37.293627 2023] [wsgi:error] [pid 92435:tid 140399749551872] [client 83.97.73.87:46556] /, referer: http://34.27.73.138:80/?XDEBUG_SESSION_START=phpstorm
[Fri Sep 08 21:00:20.759198 2023] [wsgi:error] [pid 92435:tid 140399637153536] [client 87.236.176.190:44641] /, referer: http://34.27.73.138
[Fri Sep 08 21:02:57.005596 2023] [wsgi:error] [pid 92436:tid 140399653938944] [client 185.224.128.142:42094] /
[Fri Sep 08 21:41:53.458120 2023] [wsgi:error] [pid 92436:tid 140399528048384] [client 167.94.138.34:54278] /
[Fri Sep 08 22:11:31.376931 2023] [wsgi:error] [pid 92436:tid 140399620368128] [client 185.224.128.142:37196] /
[Fri Sep 08 22:11:31.667458 2023] [wsgi:error] [pid 92435:tid 140399570011904] [client 80.94.95.151:53700] /
[Fri Sep 08 22:15:14.570732 2023] [wsgi:error] [pid 92436:tid 140399570011904] [client 94.102.61.80:60764] /, referer: http://34.27.73.138:80/
[Fri Sep 08 22:22:38.140480 2023] [wsgi:error] [pid 92436:tid 140399757944576] [client 185.224.128.142:57698] /
[Fri Sep 08 22:30:51.096640 2023] [wsgi:error] [pid 92435:tid 140399536441088] [client 185.224.128.142:40982] /
[Fri Sep 08 22:51:20.024440 2023] [wsgi:error] [pid 92435:tid 140399519655680] [client 185.224.128.142:51524] /
[Fri Sep 08 23:05:23.314688 2023] [wsgi:error] [pid 92436:tid 140399595190016] [client 162.216.150.29:57346] /, referer: http://34.27.73.138:80/
[Sat Sep 09 00:24:14.124062 2023] [wsgi:error] [pid 104450:tid 140399570011904] [client 185.191.171.12:29322] /
[Sat Sep 09 00:27:49.715905 2023] [wsgi:error] [pid 104449:tid 140399578404608] [client 198.235.24.9:62842] /, referer: http://34.27.73.138:80/
[Sat Sep 09 00:30:10.577689 2023] [wsgi:error] [pid 104450:tid 140399603582720] [client 185.224.128.142:40256] /
[Sat Sep 09 01:15:52.227081 2023] [wsgi:error] [pid 104449:tid 140399628760832] [client 198.235.24.25:57538] /
[Sat Sep 09 01:43:49.277682 2023] [wsgi:error] [pid 104450:tid 140399766337280] [client 94.102.61.80:56680] /
[Sat Sep 09 01:43:49.589885 2023] [wsgi:error] [pid 104450:tid 140399645546240] [client 94.102.61.80:56680] /
[Sat Sep 09 01:59:29.583847 2023] [wsgi:error] [pid 104449:tid 140399611975424] [client 159.223.230.148:37534] /
[Sat Sep 09 02:15:45.877720 2023] [wsgi:error] [pid 104450:tid 140399757944576] [client 50.3.85.50:62464] /
[Sat Sep 09 02:17:39.207698 2023] [wsgi:error] [pid 104450:tid 140399570011904] [client 35.203.211.168:58906] /
[Sat Sep 09 02:49:19.343177 2023] [wsgi:error] [pid 104449:tid 140399611975424] [client 103.203.59.1:33458] /
[Sat Sep 09 03:20:41.975060 2023] [wsgi:error] [pid 104449:tid 140399595190016] [client 185.224.128.142:33068] /
[Sat Sep 09 04:46:26.406061 2023] [wsgi:error] [pid 104449:tid 140399511262976] [client 167.94.146.52:48868] /
[Sat Sep 09 05:04:38.640728 2023] [wsgi:error] [pid 104450:tid 140399578404608] [client 83.97.73.87:46774] /
[Sat Sep 09 05:05:36.066748 2023] [wsgi:error] [pid 104449:tid 140399637153536] [client 65.49.1.111:20717] /, referer: http://34.27.73.138/
[Sat Sep 09 05:18:59.584975 2023] [wsgi:error] [pid 104449:tid 140399603582720] [client 185.180.143.48:45652] /
[Sat Sep 09 05:56:48.488234 2023] [wsgi:error] [pid 104450:tid 140399544833792] [client 94.102.61.10:47484] /, referer: http://34.27.73.138:80/
[Sat Sep 09 06:40:28.800337 2023] [wsgi:error] [pid 104449:tid 140399553226496] [client 65.49.20.68:33100] /
[Sat Sep 09 06:44:51.579990 2023] [wsgi:error] [pid 104450:tid 140399620368128] [client 35.203.211.103:58020] /, referer: http://34.27.73.138:80/
[Sat Sep 09 06:48:00.130977 2023] [wsgi:error] [pid 104449:tid 140399645546240] [client 65.49.20.68:61888] /
[Sat Sep 09 07:25:52.254405 2023] [wsgi:error] [pid 104449:tid 140399603582720] [client 34.78.6.216:57652] /
[Sat Sep 09 08:02:47.944398 2023] [wsgi:error] [pid 104449:tid 140399662331648] [client 212.102.57.14:55812] /
[Sat Sep 09 08:32:24.939283 2023] [wsgi:error] [pid 104449:tid 140399519655680] [client 185.224.128.142:47290] /
[Sat Sep 09 09:51:26.321985 2023] [wsgi:error] [pid 104450:tid 140399528048384] [client 104.140.148.102:64880] /
[Sat Sep 09 11:19:40.925497 2023] [wsgi:error] [pid 104449:tid 140399502870272] [client 185.224.128.142:37542] /
[Sat Sep 09 11:40:24.216331 2023] [wsgi:error] [pid 104450:tid 140399561619200] [client 185.224.128.142:40014] /
[Sat Sep 09 12:15:44.154253 2023] [wsgi:error] [pid 104449:tid 140399502870272] [client 183.136.225.5:60487] /
[Sat Sep 09 12:20:15.446124 2023] [wsgi:error] [pid 104449:tid 140399749551872] [client 185.224.128.142:46952] /
[Sat Sep 09 13:27:49.968974 2023] [wsgi:error] [pid 104449:tid 140399570011904] [client 185.224.128.142:54122] /
[Sat Sep 09 13:37:31.441211 2023] [wsgi:error] [pid 104449:tid 140399595190016] [client 185.224.128.142:40654] /
[Sat Sep 09 16:52:35.792032 2023] [wsgi:error] [pid 104449:tid 140399741159168] [client 162.142.125.12:35090] /
[Sat Sep 09 16:52:35.853321 2023] [wsgi:error] [pid 104449:tid 140399519655680] [client 162.142.125.12:41576] /
[Sat Sep 09 16:52:38.011833 2023] [wsgi:error] [pid 104450:tid 140399603582720] [client 181.214.164.109:41544] /
[Sat Sep 09 17:17:45.510207 2023] [wsgi:error] [pid 104449:tid 140399637153536] [client 185.224.128.142:50944] /
[Sat Sep 09 17:37:02.908171 2023] [wsgi:error] [pid 104449:tid 140399570011904] [client 185.224.128.142:48870] /
[Sat Sep 09 17:55:38.158936 2023] [wsgi:error] [pid 104449:tid 140399578404608] [client 185.224.128.142:58758] /
[Sat Sep 09 18:14:26.519290 2023] [wsgi:error] [pid 104450:tid 140399637153536] [client 124.220.171.34:53908] /
[Sat Sep 09 18:18:59.664550 2023] [wsgi:error] [pid 104449:tid 140399570011904] [client 107.170.208.18:38088] /
[Sat Sep 09 18:20:45.207940 2023] [wsgi:error] [pid 104449:tid 140399603582720] [client 124.220.171.34:43216] /, referer: http://from-england-to-istanbul.co.uk
[Sat Sep 09 18:55:04.938945 2023] [wsgi:error] [pid 104449:tid 140399536441088] [client 146.0.26.55:57655] /
[Sat Sep 09 18:55:16.125586 2023] [wsgi:error] [pid 104449:tid 140399511262976] [client 203.2.64.59:51136] /, referer: http://34.27.73.138
[Sat Sep 09 18:57:02.983319 2023] [wsgi:error] [pid 104449:tid 140399749551872] [client 185.224.128.142:43192] /
[Sat Sep 09 19:13:58.936444 2023] [wsgi:error] [pid 104449:tid 140399620368128] [client 185.224.128.142:40674] /
[Sat Sep 09 19:20:57.692185 2023] [wsgi:error] [pid 104449:tid 140399586797312] [client 35.203.211.152:65100] /, referer: http://34.27.73.138:80/
[Sat Sep 09 20:49:36.591690 2023] [wsgi:error] [pid 104450:tid 140399586797312] [client 170.130.204.90:65140] /
[Sat Sep 09 20:49:42.438199 2023] [wsgi:error] [pid 104449:tid 140399653938944] [client 146.0.26.55:58583] /
[Sat Sep 09 20:59:49.777162 2023] [wsgi:error] [pid 104450:tid 140399741159168] [client 146.0.26.55:58932] /
[Sat Sep 09 20:59:56.946109 2023] [wsgi:error] [pid 104449:tid 140399553226496] [client 146.0.26.55:58937] /, referer: https://from-england-to-istanbul.co.uk/
[Sat Sep 09 21:06:43.117094 2023] [wsgi:error] [pid 104449:tid 140399528048384] [client 146.0.26.55:59232] /, referer: https://from-england-to-istanbul.co.uk/route
[Sat Sep 09 21:14:02.228387 2023] [wsgi:error] [pid 104449:tid 140399553226496] [client 146.0.26.55:59734] /
[Sat Sep 09 21:14:06.278760 2023] [wsgi:error] [pid 104449:tid 140399544833792] [client 146.0.26.55:59734] mod_wsgi (pid=104449): Exception occurred processing WSGI script '/var/www/from-england-to-istanbul/from-england-to-istanbul.wsgi'., referer: https://www.from-england-to-istanbul.co.uk/
[Sat Sep 09 21:14:06.279799 2023] [wsgi:error] [pid 104449:tid 140399544833792] [client 146.0.26.55:59734] OSError: Apache/mod_wsgi failed to write response data: Broken pipe., referer: https://www.from-england-to-istanbul.co.uk/
[Sat Sep 09 21:51:55.474338 2023] [wsgi:error] [pid 104450:tid 140399544833792] [client 83.97.73.87:55840] /, referer: http://34.27.73.138:80/?XDEBUG_SESSION_START=phpstorm
[Sat Sep 09 22:47:40.969375 2023] [wsgi:error] [pid 104450:tid 140399645546240] [client 86.29.217.209:49794] /, referer: https://from-england-to-istanbul.co.uk/livetracker
[Sat Sep 09 22:48:10.092640 2023] [wsgi:error] [pid 104450:tid 140399595190016] [client 185.224.128.142:53236] /
[Sat Sep 09 23:04:27.559480 2023] [wsgi:error] [pid 104449:tid 140399653938944] [client 205.210.31.155:61066] /, referer: http://34.27.73.138:80/
[Sun Sep 10 00:16:03.371812 2023] [wsgi:error] [pid 107270:tid 140399570011904] [client 167.172.47.127:40526] /
[Sun Sep 10 00:16:05.918361 2023] [wsgi:error] [pid 107270:tid 140399494477568] [client 167.172.47.127:40582] /
[Sun Sep 10 00:20:32.717240 2023] [wsgi:error] [pid 107271:tid 140399586797312] [client 35.203.210.247:62098] /, referer: http://34.27.73.138:80/
[Sun Sep 10 00:46:36.310749 2023] [wsgi:error] [pid 107270:tid 140399620368128] [client 138.197.129.187:56892] /
[Sun Sep 10 00:49:56.927157 2023] [wsgi:error] [pid 107270:tid 140399578404608] [client 138.197.133.223:26252] /
[Sun Sep 10 01:05:04.818631 2023] [wsgi:error] [pid 107271:tid 140399570011904] [client 167.99.81.53:28094] /
[Sun Sep 10 02:08:21.382679 2023] [wsgi:error] [pid 107271:tid 140399502870272] [client 182.43.70.143:38108] /, referer: http://34.27.73.138
[Sun Sep 10 02:30:30.681001 2023] [wsgi:error] [pid 107270:tid 140399637153536] [client 185.180.143.75:36564] /, referer: http://34.27.73.138/
[Sun Sep 10 03:03:32.501521 2023] [wsgi:error] [pid 107270:tid 140399749551872] [client 13.53.168.103:58734] /
[Sun Sep 10 04:03:50.791769 2023] [wsgi:error] [pid 107270:tid 140399662331648] [client 64.62.197.239:20977] /
[Sun Sep 10 04:10:34.754366 2023] [wsgi:error] [pid 107270:tid 140399757944576] [client 64.62.197.241:55785] /
[Sun Sep 10 04:16:18.271943 2023] [wsgi:error] [pid 107271:tid 140399637153536] [client 198.235.24.135:61868] /
[Sun Sep 10 04:18:03.701176 2023] [wsgi:error] [pid 107271:tid 140399628760832] [client 185.224.128.142:45114] /
[Sun Sep 10 06:01:21.215980 2023] [wsgi:error] [pid 107270:tid 140399741159168] [client 185.180.143.188:45438] /
[Sun Sep 10 06:33:32.028995 2023] [wsgi:error] [pid 107270:tid 140399519655680] [client 35.203.210.89:61302] /
[Sun Sep 10 07:09:20.198058 2023] [wsgi:error] [pid 107270:tid 140399645546240] [client 83.97.73.87:49260] /
[Sun Sep 10 07:20:36.829593 2023] [wsgi:error] [pid 107270:tid 140399611975424] [client 66.249.66.65:44746] /
[Sun Sep 10 07:25:47.061412 2023] [wsgi:error] [pid 107270:tid 140399570011904] [client 34.78.249.41:44550] /
[Sun Sep 10 07:31:31.651596 2023] [wsgi:error] [pid 107271:tid 140399528048384] [client 146.190.140.13:43928] /, referer: http://34.27.73.138:80/
[Sun Sep 10 07:31:33.914772 2023] [wsgi:error] [pid 107270:tid 140399766337280] [client 139.144.16.215:36160] /, referer: http://34.27.73.138:80/
[Sun Sep 10 07:31:59.015126 2023] [wsgi:error] [pid 107270:tid 140399544833792] [client 139.162.69.224:51226] /
[Sun Sep 10 07:32:29.003658 2023] [wsgi:error] [pid 107271:tid 140399578404608] [client 139.162.69.224:59994] /
[Sun Sep 10 07:38:20.402311 2023] [wsgi:error] [pid 107270:tid 140399653938944] [client 139.162.69.224:56678] /
[Sun Sep 10 07:40:10.248147 2023] [wsgi:error] [pid 107271:tid 140399561619200] [client 34.145.109.214:38550] /, referer: http://from-england-to-istanbul.co.uk
[Sun Sep 10 07:52:32.484885 2023] [wsgi:error] [pid 107270:tid 140399570011904] [client 185.224.128.142:60352] /
[Sun Sep 10 10:06:17.938719 2023] [wsgi:error] [pid 107270:tid 140399595190016] [client 106.75.65.228:36132] /
[Sun Sep 10 10:37:22.532398 2023] [wsgi:error] [pid 107270:tid 140399494477568] [client 167.94.145.52:47802] /
[Sun Sep 10 10:46:21.103678 2023] [wsgi:error] [pid 107270:tid 140399603582720] [client 185.224.128.142:52244] /
[Sun Sep 10 12:09:46.015785 2023] [wsgi:error] [pid 107270:tid 140399570011904] [client 185.224.128.142:38320] /
[Sun Sep 10 12:41:50.430374 2023] [wsgi:error] [pid 107271:tid 140399570011904] [client 65.49.20.66:38090] /, referer: http://34.27.73.138/
[Sun Sep 10 12:50:27.142111 2023] [wsgi:error] [pid 107270:tid 140399570011904] [client 82.132.235.173:38028] /, referer: https://from-england-to-istanbul.co.uk/livetracker
[Sun Sep 10 13:52:39.418950 2023] [wsgi:error] [pid 107270:tid 140399628760832] [client 45.76.70.53:36474] /
[Sun Sep 10 13:53:34.481006 2023] [wsgi:error] [pid 107270:tid 140399653938944] [client 185.224.128.142:60068] /
[Sun Sep 10 14:21:41.544105 2023] [wsgi:error] [pid 107270:tid 140399741159168] [client 91.154.239.79:61304] /
[Sun Sep 10 14:57:42.122505 2023] [wsgi:error] [pid 107271:tid 140399494477568] [client 87.236.176.24:37075] /
[Sun Sep 10 15:03:04.159115 2023] [wsgi:error] [pid 107271:tid 140399757944576] [client 185.224.128.142:33420] /
[Sun Sep 10 15:13:47.204269 2023] [wsgi:error] [pid 107270:tid 140399494477568] [client 146.0.30.57:62593] /
[Sun Sep 10 15:14:24.465358 2023] [wsgi:error] [pid 107270:tid 140399757944576] [client 146.0.30.57:62593] mod_wsgi (pid=107270): Exception occurred processing WSGI script '/var/www/from-england-to-istanbul/from-england-to-istanbul.wsgi'., referer: https://from-england-to-istanbul.co.uk/
[Sun Sep 10 15:14:24.466863 2023] [wsgi:error] [pid 107270:tid 140399757944576] [client 146.0.30.57:62593] OSError: Apache/mod_wsgi failed to write response data: Broken pipe., referer: https://from-england-to-istanbul.co.uk/
[Sun Sep 10 15:22:00.703608 2023] [wsgi:error] [pid 107271:tid 140399662331648] [client 89.14.112.235:34576] /, referer: https://from-england-to-istanbul.co.uk/livetracker
[Sun Sep 10 15:32:58.482113 2023] [wsgi:error] [pid 107271:tid 140399749551872] [client 146.0.30.57:63501] /, referer: https://from-england-to-istanbul.co.uk/livetracker
[Sun Sep 10 15:49:51.976661 2023] [wsgi:error] [pid 107271:tid 140399628760832] [client 185.224.128.142:50784] /
[Sun Sep 10 16:08:43.281851 2023] [wsgi:error] [pid 107270:tid 140399757944576] [client 185.224.128.142:59166] /
[Sun Sep 10 16:20:44.403218 2023] [wsgi:error] [pid 107270:tid 140399611975424] [client 185.224.128.142:55878] /
[Sun Sep 10 17:02:16.540348 2023] [wsgi:error] [pid 107270:tid 140399645546240] [client 146.0.30.57:62868] /
[Sun Sep 10 17:03:47.191201 2023] [wsgi:error] [pid 107271:tid 140399544833792] [client 146.0.30.57:62888] mod_wsgi (pid=107271): Exception occurred processing WSGI script '/var/www/from-england-to-istanbul/from-england-to-istanbul.wsgi'., referer: https://from-england-to-istanbul.co.uk/
[Sun Sep 10 17:03:47.192408 2023] [wsgi:error] [pid 107271:tid 140399544833792] [client 146.0.30.57:62888] OSError: Apache/mod_wsgi failed to write response data: Broken pipe., referer: https://from-england-to-istanbul.co.uk/
[Sun Sep 10 17:26:31.069206 2023] [wsgi:error] [pid 107270:tid 140399620368128] [client 185.224.128.142:39544] /
[Sun Sep 10 17:36:47.447151 2023] [wsgi:error] [pid 107271:tid 140399749551872] [client 157.230.90.66:35428] /
[Sun Sep 10 17:39:37.360542 2023] [wsgi:error] [pid 107270:tid 140399653938944] [client 109.158.243.191:53816] /
[Sun Sep 10 17:39:37.790231 2023] [wsgi:error] [pid 107270:tid 140399628760832] [client 109.158.243.191:53816] mod_wsgi (pid=107270): Exception occurred processing WSGI script '/var/www/from-england-to-istanbul/from-england-to-istanbul.wsgi'., referer: https://from-england-to-istanbul.co.uk/
[Sun Sep 10 17:39:37.791023 2023] [wsgi:error] [pid 107270:tid 140399628760832] [client 109.158.243.191:53816] OSError: Apache/mod_wsgi failed to write response data: Broken pipe., referer: https://from-england-to-istanbul.co.uk/
[Sun Sep 10 18:13:58.757205 2023] [wsgi:error] [pid 107270:tid 140399553226496] [client 147.161.166.189:8253] /, referer: https://from-england-to-istanbul.co.uk/livetracker
[Sun Sep 10 18:47:50.854205 2023] [wsgi:error] [pid 107271:tid 140399519655680] [client 198.235.24.136:64456] /, referer: http://34.27.73.138:80/
[Sun Sep 10 18:54:37.234585 2023] [wsgi:error] [pid 107271:tid 140399757944576] [client 82.132.226.14:59651] /
[Sun Sep 10 18:55:04.139310 2023] [wsgi:error] [pid 107271:tid 140399637153536] [client 82.132.226.14:56291] /, referer: https://from-england-to-istanbul.co.uk/livetracker
[Sun Sep 10 19:08:00.170141 2023] [wsgi:error] [pid 107270:tid 140399662331648] [client 194.156.224.102:2750] /
[Sun Sep 10 19:17:35.282400 2023] [wsgi:error] [pid 107271:tid 140399645546240] [client 89.14.112.235:58308] /
[Sun Sep 10 19:33:39.995277 2023] [wsgi:error] [pid 107270:tid 140399578404608] [client 82.8.134.211:37240] /, referer: https://from-england-to-istanbul.co.uk/post_a_message
[Sun Sep 10 19:50:14.043181 2023] [wsgi:error] [pid 107270:tid 140399502870272] [client 142.4.218.114:46651] /
[Sun Sep 10 20:08:51.818564 2023] [wsgi:error] [pid 107270:tid 140399749551872] [client 178.32.197.94:45629] /
[Sun Sep 10 20:12:29.743717 2023] [wsgi:error] [pid 107270:tid 140399620368128] [client 130.185.116.223:20146] /, referer: https://from-england-to-istanbul.co.uk/livetracker
[Sun Sep 10 20:24:25.969760 2023] [wsgi:error] [pid 107270:tid 140399578404608] [client 82.132.226.14:53137] /, referer: https://from-england-to-istanbul.co.uk/livetracker
[Sun Sep 10 20:24:48.065237 2023] [wsgi:error] [pid 107271:tid 140399611975424] [client 185.224.128.142:42896] /
[Sun Sep 10 20:28:50.619322 2023] [wsgi:error] [pid 107270:tid 140399561619200] [client 82.132.226.14:59560] /, referer: https://from-england-to-istanbul.co.uk/livetracker
[Sun Sep 10 20:43:18.672115 2023] [wsgi:error] [pid 107270:tid 140399637153536] [client 82.132.226.14:51519] /
[Sun Sep 10 20:43:54.928587 2023] [wsgi:error] [pid 107271:tid 140399662331648] [client 82.132.226.14:61923] /, referer: https://from-england-to-istanbul.co.uk/causes
[Sun Sep 10 21:55:55.092672 2023] [wsgi:error] [pid 107270:tid 140399494477568] [client 185.224.128.142:50680] /
[Sun Sep 10 22:00:20.030218 2023] [wsgi:error] [pid 107270:tid 140399637153536] [client 185.224.128.142:35422] /
[Sun Sep 10 22:40:32.206169 2023] [wsgi:error] [pid 107270:tid 140399603582720] [client 198.199.116.62:43314] /
[Sun Sep 10 22:45:30.349282 2023] [wsgi:error] [pid 107270:tid 140399741159168] [client 35.215.19.159:39916] /
[Sun Sep 10 22:48:25.254514 2023] [wsgi:error] [pid 107270:tid 140399586797312] [client 51.254.49.109:42173] /
[Sun Sep 10 22:56:38.758048 2023] [wsgi:error] [pid 107270:tid 140399561619200] [client 94.102.61.7:50368] /
[Sun Sep 10 23:21:55.085936 2023] [wsgi:error] [pid 107270:tid 140399628760832] [client 83.97.73.87:51794] /, referer: http://34.27.73.138:80/?XDEBUG_SESSION_START=phpstorm
[Sun Sep 10 23:45:58.849522 2023] [wsgi:error] [pid 107270:tid 140399502870272] [client 198.235.24.15:60954] /
[Mon Sep 11 00:18:07.346282 2023] [wsgi:error] [pid 110501:tid 140399645546240] [client 185.224.128.142:35980] /
[Mon Sep 11 00:41:42.786855 2023] [wsgi:error] [pid 110501:tid 140399741159168] [client 62.146.234.248:50966] /
[Mon Sep 11 00:47:44.213738 2023] [wsgi:error] [pid 110501:tid 140399620368128] [client 185.224.128.142:39670] /
[Mon Sep 11 01:18:18.516364 2023] [wsgi:error] [pid 110502:tid 140399528048384] [client 185.224.128.142:55008] /
[Mon Sep 11 01:35:01.100918 2023] [wsgi:error] [pid 110501:tid 140399628760832] [client 35.203.210.82:61914] /, referer: http://34.27.73.138:80/
[Mon Sep 11 01:51:25.582801 2023] [wsgi:error] [pid 110502:tid 140399578404608] [client 139.59.2.248:43210] /
[Mon Sep 11 02:07:53.151353 2023] [wsgi:error] [pid 110501:tid 140399645546240] [client 35.203.211.147:59482] /, referer: http://34.27.73.138:80/
[Mon Sep 11 02:22:01.396569 2023] [wsgi:error] [pid 110502:tid 140399749551872] [client 139.59.170.84:45658] /
[Mon Sep 11 02:24:43.738582 2023] [wsgi:error] [pid 110502:tid 140399603582720] [client 185.224.128.142:41070] /
[Mon Sep 11 02:28:12.800128 2023] [wsgi:error] [pid 110501:tid 140399502870272] [client 71.6.232.23:60826] /
[Mon Sep 11 02:29:19.505085 2023] [wsgi:error] [pid 110502:tid 140399637153536] [client 35.203.211.116:62966] /
[Mon Sep 11 02:40:35.206845 2023] [wsgi:error] [pid 110501:tid 140399637153536] [client 85.208.98.31:53524] /
[Mon Sep 11 03:36:51.498401 2023] [wsgi:error] [pid 110502:tid 140399741159168] [client 192.241.212.39:36108] /
[Mon Sep 11 03:58:57.576313 2023] [wsgi:error] [pid 110502:tid 140399653938944] [client 65.49.1.90:37359] /
[Mon Sep 11 04:08:00.840873 2023] [wsgi:error] [pid 110502:tid 140399544833792] [client 65.49.1.83:59967] /
[Mon Sep 11 04:15:32.251002 2023] [wsgi:error] [pid 110502:tid 140399511262976] [client 167.94.138.33:40066] /
[Mon Sep 11 04:15:32.291300 2023] [wsgi:error] [pid 110502:tid 140399494477568] [client 167.94.138.33:44822] /
[Mon Sep 11 04:22:23.353518 2023] [wsgi:error] [pid 110501:tid 140399757944576] [client 192.210.207.202:60482] /
[Mon Sep 11 04:26:02.800696 2023] [wsgi:error] [pid 110502:tid 140399653938944] [client 112.94.190.242:55392] /
[Mon Sep 11 04:26:56.457644 2023] [wsgi:error] [pid 110501:tid 140399544833792] [client 185.224.128.142:39738] /
[Mon Sep 11 05:10:33.189891 2023] [wsgi:error] [pid 110502:tid 140399620368128] [client 193.106.29.122:63602] /
[Mon Sep 11 05:19:55.031789 2023] [wsgi:error] [pid 110502:tid 140399528048384] [client 185.224.128.142:45944] /
[Mon Sep 11 06:18:16.454907 2023] [wsgi:error] [pid 110501:tid 140399519655680] [client 5.146.192.158:5542] /
[Mon Sep 11 06:18:25.580567 2023] [wsgi:error] [pid 110502:tid 140399611975424] [client 5.146.192.158:7877] /, referer: https://from-england-to-istanbul.co.uk
[Mon Sep 11 06:18:26.295608 2023] [wsgi:error] [pid 110502:tid 140399502870272] [client 5.146.192.158:7877] /, referer: https://from-england-to-istanbul.co.uk/post_a_message
[Mon Sep 11 06:19:57.323815 2023] [wsgi:error] [pid 110502:tid 140399662331648] [client 3.95.136.106:58270] /
[Mon Sep 11 06:34:40.239318 2023] [wsgi:error] [pid 110501:tid 140399620368128] [client 185.224.128.142:38810] /
[Mon Sep 11 06:56:11.288055 2023] [wsgi:error] [pid 110501:tid 140399628760832] [client 183.136.225.5:7257] /
[Mon Sep 11 06:56:12.196824 2023] [wsgi:error] [pid 110501:tid 140399536441088] [client 183.136.225.5:11623] /
[Mon Sep 11 07:05:03.733372 2023] [wsgi:error] [pid 110502:tid 140399536441088] [client 167.71.120.72:41306] /
[Mon Sep 11 07:05:04.719488 2023] [wsgi:error] [pid 110501:tid 140399741159168] [client 159.89.87.91:60708] /
[Mon Sep 11 07:05:07.320422 2023] [wsgi:error] [pid 110502:tid 140399603582720] [client 165.227.230.154:42996] /
[Mon Sep 11 07:05:18.790050 2023] [wsgi:error] [pid 110502:tid 140399528048384] [client 142.93.201.217:36176] /
[Mon Sep 11 07:05:47.007393 2023] [wsgi:error] [pid 110501:tid 140399544833792] [client 142.93.201.217:51044] /
[Mon Sep 11 07:09:06.030525 2023] [wsgi:error] [pid 110501:tid 140399662331648] [client 142.93.201.217:49354] /
[Mon Sep 11 07:18:45.371524 2023] [wsgi:error] [pid 110502:tid 140399749551872] [client 106.75.28.71:59548] /
[Mon Sep 11 07:23:26.981755 2023] [wsgi:error] [pid 110502:tid 140399603582720] [client 3.95.136.106:42836] /
[Mon Sep 11 07:25:31.997737 2023] [wsgi:error] [pid 110502:tid 140399561619200] [client 34.76.158.233:33440] /
[Mon Sep 11 07:42:11.655226 2023] [wsgi:error] [pid 110502:tid 140399611975424] [client 64.62.197.8:62939] /, referer: http://34.27.73.138/
[Mon Sep 11 08:04:26.548212 2023] [wsgi:error] [pid 110501:tid 140399578404608] [client 83.97.73.87:60696] /
[Mon Sep 11 08:30:36.826028 2023] [wsgi:error] [pid 110502:tid 140399561619200] [client 85.76.105.10:54760] /
[Mon Sep 11 08:31:31.215604 2023] [wsgi:error] [pid 110501:tid 140399561619200] [client 85.76.105.10:40054] /, referer: https://from-england-to-istanbul.co.uk/livetracker
[Mon Sep 11 09:03:04.653600 2023] [wsgi:error] [pid 110502:tid 140399766337280] [client 3.95.136.106:38248] /
[Mon Sep 11 09:48:51.787279 2023] [wsgi:error] [pid 110502:tid 140399620368128] [client 185.224.128.142:52112] /
[Mon Sep 11 10:26:50.978723 2023] [wsgi:error] [pid 110502:tid 140399603582720] [client 185.233.19.149:58268] /
[Mon Sep 11 10:46:47.229690 2023] [wsgi:error] [pid 110502:tid 140399502870272] [client 185.224.128.142:45256] /
[Mon Sep 11 11:05:23.190143 2023] [wsgi:error] [pid 110502:tid 140399578404608] [client 3.95.136.106:46046] /
[Mon Sep 11 11:22:38.094941 2023] [wsgi:error] [pid 110502:tid 140399586797312] [client 64.227.186.204:46312] /
[Mon Sep 11 11:23:24.446565 2023] [wsgi:error] [pid 110501:tid 140399611975424] [client 183.136.225.32:26904] /
[Mon Sep 11 12:41:17.144156 2023] [wsgi:error] [pid 110502:tid 140399544833792] [client 128.1.248.42:50000] /, referer: http://34.27.73.138/
[Mon Sep 11 13:18:30.074938 2023] [wsgi:error] [pid 110501:tid 140399519655680] [client 180.149.125.169:8225] /
[Mon Sep 11 13:44:09.693461 2023] [wsgi:error] [pid 110502:tid 140399553226496] [client 167.248.133.36:55596] /
[Mon Sep 11 13:44:09.734436 2023] [wsgi:error] [pid 110502:tid 140399536441088] [client 167.248.133.36:40036] /
[Mon Sep 11 13:58:53.347538 2023] [wsgi:error] [pid 110502:tid 140399502870272] [client 185.224.128.142:46720] /
[Mon Sep 11 14:07:33.921102 2023] [wsgi:error] [pid 110501:tid 140399741159168] [client 192.36.109.127:58593] /, referer: http://from-england-to-istanbul.co.uk/
[Mon Sep 11 14:21:01.785603 2023] [wsgi:error] [pid 110501:tid 140399511262976] [client 185.224.128.142:37310] /
[Mon Sep 11 14:27:18.405315 2023] [wsgi:error] [pid 110501:tid 140399620368128] [client 3.95.136.106:49004] /
[Mon Sep 11 14:54:49.497958 2023] [wsgi:error] [pid 110502:tid 140399511262976] [client 77.191.23.231:59304] /
[Mon Sep 11 14:58:25.579110 2023] [wsgi:error] [pid 110502:tid 140399662331648] [client 77.191.23.231:59441] /
[Mon Sep 11 15:46:48.267767 2023] [wsgi:error] [pid 110502:tid 140399511262976] [client 45.79.172.21:31446] /
[Mon Sep 11 16:48:37.644225 2023] [wsgi:error] [pid 110502:tid 140399570011904] [client 185.224.128.142:50744] /
[Mon Sep 11 17:06:18.716208 2023] [wsgi:error] [pid 110502:tid 140399553226496] [client 86.167.104.59:42120] /
[Mon Sep 11 17:07:42.937612 2023] [wsgi:error] [pid 110501:tid 140399757944576] [client 220.250.10.147:59550] /
[Mon Sep 11 17:07:48.200918 2023] [wsgi:error] [pid 110502:tid 140399757944576] [client 110.177.182.41:40530] /
[Mon Sep 11 17:27:08.715701 2023] [wsgi:error] [pid 110502:tid 140399637153536] [client 185.224.128.142:35138] /
[Mon Sep 11 17:39:35.700127 2023] [wsgi:error] [pid 110501:tid 140399570011904] [client 54.147.120.52:53514] /
[Mon Sep 11 18:15:48.252015 2023] [wsgi:error] [pid 110502:tid 140399511262976] [client 3.95.136.106:45170] /
[Mon Sep 11 19:00:44.478057 2023] [wsgi:error] [pid 110502:tid 140399595190016] [client 157.245.150.218:57682] /
[Mon Sep 11 19:00:48.416700 2023] [wsgi:error] [pid 110502:tid 140399611975424] [client 157.245.150.218:57740] /
[Mon Sep 11 19:03:00.414405 2023] [wsgi:error] [pid 110501:tid 140399749551872] [client 198.235.24.28:57446] /
[Mon Sep 11 19:03:25.967109 2023] [wsgi:error] [pid 110501:tid 140399766337280] [client 185.224.128.142:37708] /
[Mon Sep 11 19:26:12.102611 2023] [wsgi:error] [pid 110502:tid 140399741159168] [client 185.224.128.142:60764] /
[Mon Sep 11 20:02:19.992054 2023] [wsgi:error] [pid 110502:tid 140399595190016] [client 185.224.128.142:56562] /
[Mon Sep 11 20:21:13.411060 2023] [wsgi:error] [pid 110502:tid 140399603582720] [client 3.95.136.106:58492] /
[Mon Sep 11 20:54:50.946099 2023] [wsgi:error] [pid 110502:tid 140399586797312] [client 180.102.134.69:36100] /, referer: http://34.27.73.138
[Mon Sep 11 20:55:14.820355 2023] [wsgi:error] [pid 110502:tid 140399561619200] [client 94.102.61.10:33404] /, referer: http://34.27.73.138:80/
[Mon Sep 11 21:39:52.736273 2023] [wsgi:error] [pid 110501:tid 140399757944576] [client 185.224.128.142:47122] /
[Mon Sep 11 21:48:58.956245 2023] [wsgi:error] [pid 110502:tid 140399611975424] [client 87.236.176.86:35839] /, referer: http://34.27.73.138
[Mon Sep 11 21:55:52.795635 2023] [wsgi:error] [pid 110502:tid 140399757944576] [client 185.180.143.189:60472] /, referer: http://34.27.73.138/
[Mon Sep 11 22:02:12.239494 2023] [wsgi:error] [pid 110501:tid 140399628760832] [client 122.96.28.28:41332] /
[Mon Sep 11 22:02:23.962462 2023] [wsgi:error] [pid 110501:tid 140399544833792] [client 1.85.217.103:34506] /
[Mon Sep 11 22:19:03.763905 2023] [wsgi:error] [pid 110502:tid 140399561619200] [client 162.142.125.223:43220] /
[Mon Sep 11 22:25:54.878585 2023] [wsgi:error] [pid 110501:tid 140399578404608] [client 185.224.128.142:56176] /
[Mon Sep 11 22:46:27.132311 2023] [wsgi:error] [pid 110501:tid 140399741159168] [client 162.216.150.98:63080] /, referer: http://34.27.73.138:80/
[Mon Sep 11 22:54:03.560725 2023] [wsgi:error] [pid 110501:tid 140399611975424] [client 3.95.136.106:53394] /
[Mon Sep 11 23:05:59.917710 2023] [wsgi:error] [pid 110502:tid 140399645546240] [client 83.97.73.87:45868] /, referer: http://34.27.73.138:80/?XDEBUG_SESSION_START=phpstorm
[Mon Sep 11 23:26:48.672854 2023] [wsgi:error] [pid 110502:tid 140399586797312] [client 185.224.128.142:36014] /
[Mon Sep 11 23:43:39.232360 2023] [wsgi:error] [pid 110502:tid 140399544833792] [client 71.6.134.231:57574] /
[Tue Sep 12 00:03:37.077397 2023] [wsgi:error] [pid 113452:tid 140399611975424] [client 205.210.31.161:61394] /, referer: http://34.27.73.138:80/
[Tue Sep 12 00:09:55.471303 2023] [wsgi:error] [pid 113452:tid 140399620368128] [client 71.6.134.232:45424] /
[Tue Sep 12 00:43:45.134773 2023] [wsgi:error] [pid 113452:tid 140399519655680] [client 185.224.128.142:54772] /
[Tue Sep 12 00:51:04.771206 2023] [wsgi:error] [pid 113452:tid 140399494477568] [client 185.224.128.142:59010] /
[Tue Sep 12 01:04:06.810960 2023] [wsgi:error] [pid 113452:tid 140399749551872] [client 66.240.236.116:52160] /
[Tue Sep 12 01:15:19.675886 2023] [wsgi:error] [pid 113452:tid 140399620368128] [client 36.99.136.137:34510] /, referer: http://34.27.73.138
[Tue Sep 12 01:15:20.837501 2023] [wsgi:error] [pid 113452:tid 140399595190016] [client 36.99.136.136:13726] /, referer: http://from-england-to-istanbul.co.uk
[Tue Sep 12 01:15:22.063334 2023] [wsgi:error] [pid 113452:tid 140399578404608] [client 36.99.136.136:14316] /
[Tue Sep 12 01:15:22.382706 2023] [wsgi:error] [pid 113453:tid 140399620368128] [client 36.99.136.128:21909] /
[Tue Sep 12 01:37:19.165779 2023] [wsgi:error] [pid 113452:tid 140399757944576] [client 93.158.91.19:59729] /
[Tue Sep 12 02:41:04.549160 2023] [wsgi:error] [pid 113452:tid 140399595190016] [client 3.95.136.106:43894] /
[Tue Sep 12 02:54:55.502588 2023] [wsgi:error] [pid 113452:tid 140399578404608] [client 49.7.227.204:46626] /, referer: http://34.27.73.138
[Tue Sep 12 04:01:44.314098 2023] [wsgi:error] [pid 113452:tid 140399536441088] [client 182.42.111.213:32839] /, referer: http://34.27.73.138
[Tue Sep 12 04:24:30.489458 2023] [wsgi:error] [pid 113452:tid 140399502870272] [client 59.50.182.81:33268] /
[Tue Sep 12 04:24:54.696186 2023] [wsgi:error] [pid 113453:tid 140399586797312] [client 36.32.2.225:58780] /
[Tue Sep 12 04:56:39.119881 2023] [wsgi:error] [pid 113452:tid 140399766337280] [client 3.95.136.106:34752] /
[Tue Sep 12 05:58:38.460077 2023] [wsgi:error] [pid 113452:tid 140399603582720] [client 3.95.136.106:56314] /
[Tue Sep 12 06:16:08.399726 2023] [wsgi:error] [pid 113452:tid 140399586797312] [client 185.224.128.142:59730] /
[Tue Sep 12 06:20:58.637802 2023] [wsgi:error] [pid 113453:tid 140399628760832] [client 162.216.149.142:63672] /
[Tue Sep 12 06:38:30.633325 2023] [wsgi:error] [pid 113452:tid 140399570011904] [client 3.95.136.106:53656] /
[Tue Sep 12 06:44:05.365821 2023] [wsgi:error] [pid 113452:tid 140399544833792] [client 162.243.137.17:55962] /
[Tue Sep 12 07:09:33.892507 2023] [wsgi:error] [pid 113452:tid 140399611975424] [client 81.98.98.252:55138] /, referer: https://from-england-to-istanbul.co.uk/livetracker
[Tue Sep 12 07:13:52.132162 2023] [wsgi:error] [pid 113452:tid 140399586797312] [client 81.98.98.252:55446] /, referer: https://from-england-to-istanbul.co.uk/post_a_message
[Tue Sep 12 07:13:52.260296 2023] [wsgi:error] [pid 113452:tid 140399662331648] [client 81.98.98.252:55446] /, referer: https://from-england-to-istanbul.co.uk/post_a_message
[Tue Sep 12 07:22:47.558408 2023] [wsgi:error] [pid 113452:tid 140399528048384] [client 82.132.237.43:8354] /
[Tue Sep 12 07:22:54.427357 2023] [wsgi:error] [pid 113453:tid 140399653938944] [client 23.251.102.74:59040] /
[Tue Sep 12 07:25:45.761790 2023] [wsgi:error] [pid 113453:tid 140399544833792] [client 34.79.162.186:42628] /
[Tue Sep 12 07:29:33.519884 2023] [wsgi:error] [pid 113452:tid 140399628760832] [client 3.95.136.106:55068] /
[Tue Sep 12 07:32:54.616291 2023] [wsgi:error] [pid 113452:tid 140399662331648] [client 183.136.225.32:3523] /
[Tue Sep 12 07:35:10.158310 2023] [wsgi:error] [pid 113453:tid 140399511262976] [client 82.8.134.211:47970] /, referer: https://from-england-to-istanbul.co.uk/livetracker
[Tue Sep 12 07:45:37.628967 2023] [wsgi:error] [pid 113453:tid 140399749551872] [client 65.49.20.68:46230] /, referer: http://34.27.73.138/
[Tue Sep 12 07:46:18.056945 2023] [wsgi:error] [pid 113452:tid 140399637153536] [client 82.132.237.43:6702] /, referer: https://from-england-to-istanbul.co.uk/livetracker
[Tue Sep 12 07:50:53.293341 2023] [wsgi:error] [pid 113453:tid 140399645546240] [client 82.132.237.43:16472] /, referer: https://from-england-to-istanbul.co.uk/livetracker
[Tue Sep 12 07:51:11.718314 2023] [wsgi:error] [pid 113452:tid 140399536441088] [client 34.168.185.138:60372] /, referer: http://from-england-to-istanbul.co.uk
[Tue Sep 12 08:07:47.565059 2023] [wsgi:error] [pid 113452:tid 140399620368128] [client 185.180.143.50:33588] /
[Tue Sep 12 08:15:18.974670 2023] [wsgi:error] [pid 113452:tid 140399553226496] [client 83.97.73.87:60292] /
[Tue Sep 12 08:31:50.656775 2023] [wsgi:error] [pid 113452:tid 140399494477568] [client 35.203.211.149:64442] /, referer: http://34.27.73.138:80/
[Tue Sep 12 09:14:04.915798 2023] [wsgi:error] [pid 113452:tid 140399603582720] [client 103.203.59.1:43826] /
[Tue Sep 12 09:15:08.339264 2023] [wsgi:error] [pid 113452:tid 140399553226496] [client 65.49.1.88:54287] /
[Tue Sep 12 09:22:16.414786 2023] [wsgi:error] [pid 113452:tid 140399645546240] [client 65.49.1.91:29393] /
[Tue Sep 12 09:27:49.835082 2023] [wsgi:error] [pid 113452:tid 140399586797312] [client 198.235.24.44:57946] /, referer: http://34.27.73.138:80/
[Tue Sep 12 09:43:39.450899 2023] [wsgi:error] [pid 113452:tid 140399519655680] [client 3.95.136.106:57286] /
[Tue Sep 12 10:13:32.568678 2023] [wsgi:error] [pid 113453:tid 140399637153536] [client 3.95.136.106:37418] /
[Tue Sep 12 10:34:43.806265 2023] [wsgi:error] [pid 113452:tid 140399603582720] [client 182.44.8.254:39538] /, referer: http://34.27.73.138
[Tue Sep 12 11:14:01.779091 2023] [wsgi:error] [pid 113453:tid 140399536441088] [client 3.95.136.106:48732] /
[Tue Sep 12 11:40:10.634750 2023] [wsgi:error] [pid 113452:tid 140399502870272] [client 82.132.237.43:15000] /
[Tue Sep 12 11:55:26.147277 2023] [wsgi:error] [pid 113453:tid 140399611975424] [client 198.235.24.129:64778] /
[Tue Sep 12 11:57:54.528834 2023] [wsgi:error] [pid 113452:tid 140399553226496] [client 167.248.133.39:55952] /
[Tue Sep 12 11:57:54.614286 2023] [wsgi:error] [pid 113453:tid 140399586797312] [client 167.248.133.39:49094] /
[Tue Sep 12 12:13:08.720114 2023] [wsgi:error] [pid 113453:tid 140399578404608] [client 167.94.145.58:39748] /
[Tue Sep 12 12:13:09.075251 2023] [wsgi:error] [pid 113453:tid 140399553226496] [client 167.94.145.58:39504] /
[Tue Sep 12 12:47:48.923419 2023] [wsgi:error] [pid 113452:tid 140399586797312] [client 183.136.225.32:23119] /
[Tue Sep 12 13:01:26.512530 2023] [wsgi:error] [pid 113452:tid 140399511262976] [client 183.136.225.32:32534] /, referer: http://34.27.73.138:80
[Tue Sep 12 15:25:31.087369 2023] [wsgi:error] [pid 113453:tid 140399645546240] [client 82.132.233.229:22914] /, referer: https://from-england-to-istanbul.co.uk/livetracker
[Tue Sep 12 15:27:04.970874 2023] [wsgi:error] [pid 113452:tid 140399637153536] [client 27.47.25.53:48450] /
[Tue Sep 12 16:10:48.818048 2023] [wsgi:error] [pid 113452:tid 140399662331648] [client 27.155.144.97:55816] /
[Tue Sep 12 17:12:34.962976 2023] [wsgi:error] [pid 113452:tid 140399528048384] [client 175.152.32.51:39264] /
[Tue Sep 12 17:49:01.254189 2023] [wsgi:error] [pid 113452:tid 140399536441088] [client 128.14.134.134:50900] /
[Tue Sep 12 17:53:34.367579 2023] [wsgi:error] [pid 113452:tid 140399766337280] [client 144.255.31.198:57346] /
[Tue Sep 12 18:28:37.826565 2023] [wsgi:error] [pid 113452:tid 140399586797312] [client 128.14.141.34:42814] /, referer: http://34.27.73.138/
[Tue Sep 12 19:18:40.017281 2023] [wsgi:error] [pid 113453:tid 140399637153536] [client 185.180.143.8:52384] /, referer: http://34.27.73.138/
[Tue Sep 12 19:58:02.329652 2023] [wsgi:error] [pid 113452:tid 140399519655680] [client 162.142.125.217:57018] /
[Tue Sep 12 21:03:11.301367 2023] [wsgi:error] [pid 113452:tid 140399653938944] [client 205.210.31.185:59088] /
[Tue Sep 12 22:40:52.919361 2023] [wsgi:error] [pid 113452:tid 140399586797312] [client 109.158.243.191:55239] /
[Wed Sep 13 01:40:03.571525 2023] [wsgi:error] [pid 116137:tid 140399586797312] [client 165.154.182.53:45730] /
[Wed Sep 13 01:52:38.203939 2023] [wsgi:error] [pid 116137:tid 140399502870272] [client 35.203.211.185:65366] /
[Wed Sep 13 01:59:03.307664 2023] [wsgi:error] [pid 116137:tid 140399766337280] [client 182.44.9.147:33861] /, referer: http://34.27.73.138
[Wed Sep 13 02:20:59.811867 2023] [wsgi:error] [pid 116137:tid 140399611975424] [client 134.209.251.214:39508] /
